[
  {
    "file": "Test2.sol",
    "contract": "A",
    "struct": "StructA",
    "slotsSaved": 1,
    "timedout": false
  }
]
